// Jest Snapshot v1, https://goo.gl/fbAQLP

exports[`<AdminAddMovie /> should match a snapshot 1`] = `
<div>
  <div
    data-testid="components/AddMovieForm"
  >
    <code>
      {}
    </code>
  </div>
</div>
`;
