// Jest Snapshot v1, https://goo.gl/fbAQLP

exports[`<AdminEditAuditorium /> should match a snapshot 1`] = `
<div>
  <div>
    AdminEditAuditorium
  </div>
</div>
`;
