// Jest Snapshot v1, https://goo.gl/fbAQLP

exports[`<Content /> should match a snapshot 1`] = `
<div>
  <div
    class="MuiPaper-root Content MuiPaper-elevation1"
  />
</div>
`;
