// Jest Snapshot v1, https://goo.gl/fbAQLP

exports[`<AdminCinema /> should match a snapshot 1`] = `
<div>
  <div
    class="AdminCinema"
  >
    <h3
      class="MuiTypography-root MuiTypography-h3 MuiTypography-alignCenter"
    >
      Cinemas
    </h3>
    <div
      data-testid="containers/AdminCinemaList"
    >
      <code>
        {}
      </code>
    </div>
    <div
      data-testid="containers/AddCinemaForm"
    >
      <code>
        {"open":false}
      </code>
    </div>
  </div>
  <div
    class="FloatButton"
  >
    <button
      class="MuiButtonBase-root MuiFab-root button MuiFab-primary"
      tabindex="0"
      type="button"
    >
      <span
        class="MuiFab-label"
      >
        +
      </span>
      <span
        class="MuiTouchRipple-root"
      />
    </button>
  </div>
</div>
`;
