// Jest Snapshot v1, https://goo.gl/fbAQLP

exports[`<Login /> should match a snapshot 1`] = `
<body
  style="padding-right: 0px; overflow: hidden;"
>
  <div
    aria-hidden="true"
  />
  <div
    class="MuiDialog-root Login"
    role="presentation"
    style="position: fixed; z-index: 1300; right: 0px; bottom: 0px; top: 0px; left: 0px;"
  >
    <div
      aria-hidden="true"
      class="MuiBackdrop-root"
      style="opacity: 1; webkit-transition: opacity 225ms cubic-bezier(0.4, 0, 0.2, 1) 0ms; transition: opacity 225ms cubic-bezier(0.4, 0, 0.2, 1) 0ms;"
    />
    <div
      data-test="sentinelStart"
      tabindex="0"
    />
    <div
      class="MuiDialog-container MuiDialog-scrollPaper"
      role="none presentation"
      style="webkit-transform: none; transform: none; webkit-transition: -webkit-transform 225ms cubic-bezier(0.0, 0, 0.2, 1) 0ms; transition: transform 225ms cubic-bezier(0.0, 0, 0.2, 1) 0ms;"
      tabindex="-1"
    >
      <div
        class="MuiPaper-root MuiDialog-paper MuiDialog-paperScrollPaper MuiDialog-paperWidthSm MuiPaper-elevation24 MuiPaper-rounded"
        role="dialog"
      >
        <div
          class="MuiDialogTitle-root"
        >
          <h2
            class="MuiTypography-root MuiTypography-h6"
          >
            Login
          </h2>
        </div>
        <div
          class="MuiDialogContent-root"
        >
          <form
            class="form"
            data-testid="form"
          >
            <div
              class="MuiFormControl-root MuiTextField-root input MuiFormControl-fullWidth"
            >
              <label
                class="MuiFormLabel-root MuiInputLabel-root MuiInputLabel-formControl MuiInputLabel-animated MuiInputLabel-outlined"
                data-shrink="false"
              >
                Username
              </label>
              <div
                class="MuiInputBase-root MuiOutlinedInput-root MuiInputBase-fullWidth MuiInputBase-formControl"
              >
                <input
                  aria-invalid="false"
                  class="MuiInputBase-input MuiOutlinedInput-input"
                  data-testid="username"
                  name="username"
                  type="text"
                  value=""
                />
                <fieldset
                  aria-hidden="true"
                  class="PrivateNotchedOutline-root-347 MuiOutlinedInput-notchedOutline"
                >
                  <legend
                    class="PrivateNotchedOutline-legendLabelled-349"
                  >
                    <span>
                      Username
                    </span>
                  </legend>
                </fieldset>
              </div>
            </div>
            <div
              class="MuiFormControl-root MuiTextField-root input MuiFormControl-fullWidth"
            >
              <label
                class="MuiFormLabel-root MuiInputLabel-root MuiInputLabel-formControl MuiInputLabel-animated MuiInputLabel-outlined"
                data-shrink="false"
              >
                Password
              </label>
              <div
                class="MuiInputBase-root MuiOutlinedInput-root MuiInputBase-fullWidth MuiInputBase-formControl MuiInputBase-adornedEnd MuiOutlinedInput-adornedEnd"
              >
                <input
                  aria-invalid="false"
                  class="MuiInputBase-input MuiOutlinedInput-input MuiInputBase-inputAdornedEnd MuiOutlinedInput-inputAdornedEnd"
                  data-testid="password"
                  name="password"
                  type="password"
                  value=""
                />
                <div
                  class="MuiInputAdornment-root MuiInputAdornment-positionEnd"
                >
                  <button
                    aria-label="toggle password visibility"
                    class="MuiButtonBase-root MuiIconButton-root"
                    tabindex="0"
                    type="button"
                  >
                    <span
                      class="MuiIconButton-label"
                    >
                      <svg
                        aria-hidden="true"
                        class="MuiSvgIcon-root"
                        data-testid="invisible"
                        focusable="false"
                        viewBox="0 0 24 24"
                      >
                        <path
                          d="M12 7c2.76 0 5 2.24 5 5 0 .65-.13 1.26-.36 1.83l2.92 2.92c1.51-1.26 2.7-2.89 3.43-4.75-1.73-4.39-6-7.5-11-7.5-1.4 0-2.74.25-3.98.7l2.16 2.16C10.74 7.13 11.35 7 12 7zM2 4.27l2.28 2.28.46.46C3.08 8.3 1.78 10.02 1 12c1.73 4.39 6 7.5 11 7.5 1.55 0 3.03-.3 4.38-.84l.42.42L19.73 22 21 20.73 3.27 3 2 4.27zM7.53 9.8l1.55 1.55c-.05.21-.08.43-.08.65 0 1.66 1.34 3 3 3 .22 0 .44-.03.65-.08l1.55 1.55c-.67.33-1.41.53-2.2.53-2.76 0-5-2.24-5-5 0-.79.2-1.53.53-2.2zm4.31-.78l3.15 3.15.02-.16c0-1.66-1.34-3-3-3l-.17.01z"
                        />
                      </svg>
                    </span>
                    <span
                      class="MuiTouchRipple-root"
                    />
                  </button>
                </div>
                <fieldset
                  aria-hidden="true"
                  class="PrivateNotchedOutline-root-347 MuiOutlinedInput-notchedOutline"
                >
                  <legend
                    class="PrivateNotchedOutline-legendLabelled-349"
                  >
                    <span>
                      Password
                    </span>
                  </legend>
                </fieldset>
              </div>
            </div>
          </form>
          <p
            class="MuiTypography-root MuiDialogContentText-root MuiTypography-body1 MuiTypography-colorTextSecondary"
          >
            Need an account? Consider
             
            <button
              class="textButton"
              type="button"
            >
              sign up
            </button>
          </p>
        </div>
        <div
          class="MuiDialogActions-root MuiDialogActions-spacing"
        >
          <button
            class="MuiButtonBase-root MuiButton-root MuiButton-text"
            tabindex="0"
            type="button"
          >
            <span
              class="MuiButton-label"
            >
              Cancel
            </span>
            <span
              class="MuiTouchRipple-root"
            />
          </button>
          <button
            class="MuiButtonBase-root MuiButton-root MuiButton-text MuiButton-textPrimary"
            data-testid="loginButton"
            tabindex="0"
            type="button"
          >
            <span
              class="MuiButton-label"
            >
              Login
            </span>
            <span
              class="MuiTouchRipple-root"
            />
          </button>
        </div>
      </div>
    </div>
    <div
      data-test="sentinelEnd"
      tabindex="0"
    />
  </div>
</body>
`;
