// Jest Snapshot v1, https://goo.gl/fbAQLP

exports[`<FakeButton /> should match a snapshot 1`] = `
<div>
  <div
    data-testid="fakeButton"
    role="button"
    tabindex="0"
  />
</div>
`;
