// Jest Snapshot v1, https://goo.gl/fbAQLP

exports[`<Select /> should match a snapshot 1`] = `
<div>
  <div
    class="MuiFormControl-root marklar MuiFormControl-fullWidth"
  >
    <label
      class="MuiFormLabel-root MuiInputLabel-root MuiInputLabel-formControl MuiInputLabel-animated MuiInputLabel-outlined"
      data-shrink="false"
      id="select"
    >
      Cartman
    </label>
    <div
      class="MuiInputBase-root MuiOutlinedInput-root MuiInputBase-formControl"
    >
      <div
        aria-haspopup="listbox"
        aria-labelledby="select"
        class="MuiSelect-root MuiSelect-select MuiSelect-selectMenu MuiSelect-outlined MuiInputBase-input MuiOutlinedInput-input"
        role="button"
        tabindex="0"
      >
        <span>
          â€‹
        </span>
      </div>
      <input
        type="hidden"
        value=""
      />
      <svg
        aria-hidden="true"
        class="MuiSvgIcon-root MuiSelect-icon MuiSelect-iconOutlined"
        focusable="false"
        viewBox="0 0 24 24"
      >
        <path
          d="M7 10l5 5 5-5z"
        />
      </svg>
      <fieldset
        aria-hidden="true"
        class="PrivateNotchedOutline-root-5 MuiOutlinedInput-notchedOutline"
      >
        <legend
          class="PrivateNotchedOutline-legendLabelled-7"
        >
          <span>
            Cartman
          </span>
        </legend>
      </fieldset>
    </div>
    <p
      class="MuiFormHelperText-root MuiFormHelperText-contained"
    >
      they took'er jobs!!
    </p>
  </div>
</div>
`;
