// Jest Snapshot v1, https://goo.gl/fbAQLP

exports[`<AddCinemaForm /> should match a snapshot 1`] = `
<body
  style="padding-right: 0px; overflow: hidden;"
>
  <div
    aria-hidden="true"
  />
  <div
    class="MuiDialog-root AddCinemaForm"
    role="presentation"
    style="position: fixed; z-index: 1300; right: 0px; bottom: 0px; top: 0px; left: 0px;"
  >
    <div
      aria-hidden="true"
      class="MuiBackdrop-root"
      style="opacity: 1; webkit-transition: opacity 225ms cubic-bezier(0.4, 0, 0.2, 1) 0ms; transition: opacity 225ms cubic-bezier(0.4, 0, 0.2, 1) 0ms;"
    />
    <div
      data-test="sentinelStart"
      tabindex="0"
    />
    <div
      class="MuiDialog-container MuiDialog-scrollPaper"
      role="none presentation"
      style="webkit-transform: none; transform: none; webkit-transition: -webkit-transform 225ms cubic-bezier(0.0, 0, 0.2, 1) 0ms; transition: transform 225ms cubic-bezier(0.0, 0, 0.2, 1) 0ms;"
      tabindex="-1"
    >
      <div
        class="MuiPaper-root MuiDialog-paper MuiDialog-paperScrollPaper MuiDialog-paperWidthSm MuiDialog-paperFullWidth MuiPaper-elevation24 MuiPaper-rounded"
        role="dialog"
      >
        <div
          class="MuiDialogTitle-root"
        >
          <h2
            class="MuiTypography-root MuiTypography-h6"
          >
            Add Cinema
          </h2>
        </div>
        <div
          class="MuiDialogContent-root"
        >
          <form
            class="form"
            data-testid="form"
          >
            <div
              data-testid="ui/SearchField"
            >
              <code>
                {"options":[],"loading":true,"helperText":null,"error":false,"className":"input","name":"country","label":"Country"}
              </code>
            </div>
            <div
              class="MuiFormControl-root MuiTextField-root input MuiFormControl-fullWidth"
            >
              <label
                class="MuiFormLabel-root MuiInputLabel-root MuiInputLabel-formControl MuiInputLabel-animated MuiInputLabel-outlined Mui-disabled Mui-disabled"
                data-shrink="false"
              >
                Zipcode
              </label>
              <div
                class="MuiInputBase-root MuiOutlinedInput-root Mui-disabled Mui-disabled MuiInputBase-fullWidth MuiInputBase-formControl"
              >
                <input
                  aria-invalid="false"
                  class="MuiInputBase-input MuiOutlinedInput-input Mui-disabled Mui-disabled"
                  data-testid="zipcode"
                  disabled=""
                  name="zipcode"
                  type="text"
                  value=""
                />
                <fieldset
                  aria-hidden="true"
                  class="PrivateNotchedOutline-root-322 MuiOutlinedInput-notchedOutline"
                >
                  <legend
                    class="PrivateNotchedOutline-legendLabelled-324"
                  >
                    <span>
                      Zipcode
                    </span>
                  </legend>
                </fieldset>
              </div>
            </div>
            <div
              class="MuiFormControl-root MuiTextField-root input MuiFormControl-fullWidth"
            >
              <label
                class="MuiFormLabel-root MuiInputLabel-root MuiInputLabel-formControl MuiInputLabel-animated MuiInputLabel-outlined"
                data-shrink="false"
              >
                Cinema Name
              </label>
              <div
                class="MuiInputBase-root MuiOutlinedInput-root MuiInputBase-fullWidth MuiInputBase-formControl"
              >
                <input
                  aria-invalid="false"
                  class="MuiInputBase-input MuiOutlinedInput-input"
                  data-testid="cinemaName"
                  name="cinemaName"
                  type="text"
                  value=""
                />
                <fieldset
                  aria-hidden="true"
                  class="PrivateNotchedOutline-root-322 MuiOutlinedInput-notchedOutline"
                >
                  <legend
                    class="PrivateNotchedOutline-legendLabelled-324"
                  >
                    <span>
                      Cinema Name
                    </span>
                  </legend>
                </fieldset>
              </div>
            </div>
          </form>
        </div>
        <div
          class="MuiDialogContent-root"
        >
          <p
            class="MuiTypography-root MuiDialogContentText-root MuiTypography-body1 MuiTypography-colorTextSecondary"
          >
            Country: 
          </p>
          <p
            class="MuiTypography-root MuiDialogContentText-root MuiTypography-body1 MuiTypography-colorTextSecondary"
          >
            State: 
          </p>
          <p
            class="MuiTypography-root MuiDialogContentText-root MuiTypography-body1 MuiTypography-colorTextSecondary"
          >
            City: 
          </p>
          <p
            class="MuiTypography-root MuiDialogContentText-root MuiTypography-body1 MuiTypography-colorTextSecondary"
          >
            Cinema: 
          </p>
        </div>
        <div
          class="MuiDialogActions-root MuiDialogActions-spacing"
        >
          <button
            class="MuiButtonBase-root MuiButton-root MuiButton-text"
            tabindex="0"
            type="button"
          >
            <span
              class="MuiButton-label"
            >
              Cancel
            </span>
            <span
              class="MuiTouchRipple-root"
            />
          </button>
          <button
            class="MuiButtonBase-root MuiButton-root MuiButton-text MuiButton-textPrimary"
            data-testid="loginButton"
            tabindex="0"
            type="button"
          >
            <span
              class="MuiButton-label"
            >
              Add
            </span>
            <span
              class="MuiTouchRipple-root"
            />
          </button>
        </div>
      </div>
    </div>
    <div
      data-test="sentinelEnd"
      tabindex="0"
    />
  </div>
</body>
`;
