// Jest Snapshot v1, https://goo.gl/fbAQLP

exports[`<AdminMenu /> should match a snapshot 1`] = `
<div
  aria-hidden="true"
/>
`;
