// Jest Snapshot v1, https://goo.gl/fbAQLP

exports[`<EditAuditoriumForm /> should match a snapshot 1`] = `
<div>
  <div>
    EditAuditoriumForm
  </div>
</div>
`;
