// Jest Snapshot v1, https://goo.gl/fbAQLP

exports[`<Header /> should match a snapshot 1`] = `
<div>
  <header
    class="MuiPaper-root MuiAppBar-root MuiAppBar-positionStatic MuiAppBar-colorSecondary Header MuiPaper-elevation4"
  >
    <div
      class="MuiToolbar-root MuiToolbar-regular toolbar MuiToolbar-gutters"
    >
      <button
        aria-label="menu"
        class="MuiButtonBase-root MuiIconButton-root menu MuiIconButton-colorInherit MuiIconButton-edgeStart"
        tabindex="0"
        type="button"
      >
        <span
          class="MuiIconButton-label"
        >
          <svg
            aria-hidden="true"
            class="MuiSvgIcon-root"
            focusable="false"
            viewBox="0 0 24 24"
          >
            <path
              d="M3 18h18v-2H3v2zm0-5h18v-2H3v2zm0-7v2h18V6H3z"
            />
          </svg>
        </span>
        <span
          class="MuiTouchRipple-root"
        />
      </button>
      <a
        href="/"
      >
        <svg
          viewBox="0 0 512.01 512.01"
          xmlns="http://www.w3.org/2000/svg"
        >
          <title>
            iMovie
          </title>
          <circle
            cx="256"
            cy="256"
            fill="#f57c00"
            r="256"
          />
          <path
            d="M256,79.78h0L215.65,208.17l-134.57-1.3,101.7,101.7L147.89,412.5h0l99.34,99.33c2.91.1,5.83.17,8.77.17,131.17,0,239.29-98.67,254.22-225.83l-79.3-79.3-47.37.46Z"
            fill="#e65100"
          />
          <polygon
            fill="#fff"
            points="256 79.78 296.35 208.17 430.92 206.87 321.28 284.92 364.11 412.5 256 332.35 147.89 412.5 190.72 284.92 81.08 206.87 215.65 208.17 256 79.78"
          />
          <rect
            fill="#f57c00"
            height="53.04"
            width="59.38"
            x="219.87"
            y="229.48"
          />
          <rect
            fill="#f57c00"
            height="12.54"
            width="6.7"
            x="210.14"
            y="238.56"
          />
          <polygon
            fill="#f57c00"
            points="282.48 248.56 282.48 263.44 301.86 276.25 301.86 235.75 282.48 248.56"
          />
        </svg>
        <h6
          class="MuiTypography-root MuiTypography-h6"
        >
          iMovie
        </h6>
      </a>
      <div
        data-testid="containers/Menu"
      >
        <code>
          {"className":"loginButton"}
        </code>
      </div>
    </div>
  </header>
  <div
    data-testid="components/AdminMenu"
  >
    <code>
      {"isOpen":false}
    </code>
  </div>
</div>
`;
